// Jest Snapshot v1, https://goo.gl/fbAQLP

exports[`main-dimension-detail-view renders correctly 1`] = `
<div
  className="css-1xygdyb-Card"
>
  <div
    className="card-header css-szn5yk-CardHeader"
  >
    <div
      className="css-1f6p2vj-Heading"
    >
      coding_models__detail_main_dimension_label_singular
    </div>
    <div
      className="css-dw2z8l-OrlyButton"
    >
      <button
        className="css-qsdvj6-Button"
        disabled={false}
        onClick={[Function]}
      >
        <div
          className="css-95j2hm-Button"
        >
          <div
            className="css-p7iffv-Icon"
            dangerouslySetInnerHTML={
              {
                "__html": {},
              }
            }
          />
        </div>
      </button>
    </div>
  </div>
  <div
    className="css-4toq1p-CodingModelCommonDetailView"
  >
    <div
      className="css-12ryqhc-CodingModelCommonDetailView"
    >
      <div
        className="css-lz4b3k-Label"
      >
        title
        <div
          className="css-nhflpf-Icon"
          dangerouslySetInnerHTML={
            {
              "__html": {},
            }
          }
        />
      </div>
      <div
        className="css-1yd7xcl-InlineEditableHeader"
      >
        <div>
          <form
            className="css-1c5ej61-InlineEditableHeader"
            onBlur={[Function]}
            onSubmit={[Function]}
          >
            <div
              className="css-pl4s5v-InlineEditableHeader"
              onClick={[Function]}
            >
              <div
                className="css-1iwo50k"
                onMouseEnter={[Function]}
                onMouseLeave={[Function]}
              >
                <div
                  className="css-nrul0i"
                >
                  <input
                    className="css-q6vozw"
                    defaultValue="Argumentation (inhaltlich)"
                    disabled={false}
                    onBlur={[Function]}
                    onChange={[Function]}
                    onFocus={[Function]}
                    readOnly={true}
                    type="text"
                  />
                </div>
              </div>
              <div
                className="hover-icon css-16vb3lw-Icon"
                dangerouslySetInnerHTML={
                  {
                    "__html": {},
                  }
                }
              />
            </div>
          </form>
        </div>
      </div>
    </div>
    <div
      className="css-lz4b3k-Label"
    >
      description
      <div
        className="css-nhflpf-Icon"
        dangerouslySetInnerHTML={
          {
            "__html": {},
          }
        }
      />
    </div>
    <div
      className="overlay-edit-field css-0"
    >
      <div
        className="css-agvbnc-ReadonlyActionField"
        data-testid="readonly-action-field"
        onClick={[Function]}
      >
        <div
          className="css-1bkess4-ReadonlyActionField"
        />
        <div
          className="content-wrapper css-376q3o-ReadonlyActionField"
        >
          <div
            className="content css-ci7wec-ReadonlyActionField"
          >
            <div
              className="css-1h2eymq-InlineEditableTextarea"
              onClick={[Function]}
            >
              <div
                className="textarea css-1n5bn12-InlineEditableTextarea"
                contentEditable={false}
                suppressContentEditableWarning={true}
              >
                dsfsdf
              </div>
              <div
                className="hover-icon css-1pndqgp-Icon"
                dangerouslySetInnerHTML={
                  {
                    "__html": {},
                  }
                }
              />
            </div>
          </div>
        </div>
      </div>
    </div>
    <div
      className="dimension-table css-wt5pfw-DimensionsTable"
    >
      <div
        className="css-lz4b3k-Label"
      >
        coding_models__detail_items_label (1)
      </div>
      <div
        className="css-uou2au-Table"
      >
        <div
          className="css-v9uh6m-Table"
        >
          <div
            className="css-kc008c-Table"
          >
            <div
              className="css-1r5hlla-DimensionsTable"
            >
              <div
                className="css-8050ac-Heading"
              >
                reorder__table_column_title
              </div>
            </div>
          </div>
          <div
            className="css-fuywjr-Table"
          >
            <div
              className="css-1r5hlla-DimensionsTable"
            >
              <div
                className="css-8050ac-Heading"
              >
                coding_models__detail_items_scoring_type
              </div>
            </div>
          </div>
          <div
            className="css-fuywjr-Table"
          >
            <div
              className="css-1r5hlla-DimensionsTable"
            >
              <div
                className="css-8050ac-Heading"
              >
                coding_models__detail_maximum_score
              </div>
            </div>
          </div>
          <div
            className="css-fuywjr-Table"
          >
            <div
              className="css-1ea805l-DimensionsTable"
            >
              <button
                className="css-1swaics-Button"
                disabled={false}
                onClick={[Function]}
              >
                <div
                  className="css-95j2hm-Button"
                >
                  <div
                    className="css-mj8vo1-Icon"
                    dangerouslySetInnerHTML={
                      {
                        "__html": {},
                      }
                    }
                  />
                </div>
              </button>
              <button
                className="css-1cywa3f-Button"
                disabled={false}
                onClick={[Function]}
              >
                <div
                  className="css-95j2hm-Button"
                >
                  <div
                    className="css-mj8vo1-Icon"
                    dangerouslySetInnerHTML={
                      {
                        "__html": {},
                      }
                    }
                  />
                </div>
              </button>
            </div>
          </div>
        </div>
        <div
          className="css-tqgzls-Table"
        >
          <div
            className="css-1ihrgr1-Table"
          >
            <div
              className="entity-row css-hij9lk-Table"
              onClick={[Function]}
            >
              <div
                className="css-kc008c-Table"
              >
                <div
                  className="css-1oiyj7r-Column"
                >
                  <div
                    className="css-c44d5y-Text"
                    onClick={[Function]}
                  >
                    Item 1
                  </div>
                </div>
              </div>
              <div
                className="css-fuywjr-Table"
              >
                <div
                  className="css-1oiyj7r-Column"
                >
                  coding_models__detail_items_scoring_type_analytic
                </div>
              </div>
              <div
                className="css-fuywjr-Table"
              >
                <div
                  className="css-1oiyj7r-Column"
                >
                  11
                   
                  (100%)
                </div>
              </div>
              <div
                className="css-fuywjr-Table"
              >
                <div
                  className="css-1cky3ub-Columns"
                >
                  <div
                    className="css-hqw4y8-Column"
                  >
                    <div
                      className="css-0"
                    >
                      <button
                        className="css-qsdvj6-Button"
                        disabled={false}
                        onClick={[Function]}
                      >
                        <div
                          className="css-95j2hm-Button"
                        >
                          <div
                            className="css-p7iffv-Icon"
                            dangerouslySetInnerHTML={
                              {
                                "__html": {},
                              }
                            }
                          />
                        </div>
                      </button>
                    </div>
                  </div>
                </div>
              </div>
            </div>
          </div>
        </div>
      </div>
      <div
        className="card-footer css-jb8qoz-CardFooter"
      />
    </div>
  </div>
  <div
    className="card-footer css-gmu9kx-CardFooter"
  >
    <div
      className="css-15tad5r-CodingModelDetailViewFooter"
    >
      <div
        className="css-17zbm7y-Text"
      >
        coding_models__detail_maximum_score_long
      </div>
      <div
        className="css-1m37bd5-CodingModelDetailViewFooter"
      >
        <div
          className="css-cn392y-Text"
        >
          11
           
          coding_models__detail_score
        </div>
      </div>
    </div>
  </div>
</div>
`;
