// Jest Snapshot v1, https://goo.gl/fbAQLP

exports[`information renders correctly 1`] = `
<div
  className="card-content css-1vyr92j-CardContent"
>
  <div
    className="css-1ucjwqm-Columns"
  >
    <div
      className="css-me9x6r-Column"
    >
      <div
        className="css-lz4b3k-Label"
      >
        title
        <div
          className="css-nhflpf-Icon"
          dangerouslySetInnerHTML={
            {
              "__html": {},
            }
          }
        />
      </div>
      <div
        className="css-nvhwxh-InlineEditableHeader"
      >
        <div>
          <form
            className="css-1c5ej61-InlineEditableHeader"
            onBlur={[Function]}
            onSubmit={[Function]}
          >
            <div
              className="css-pl4s5v-InlineEditableHeader"
              onClick={[Function]}
            >
              <div
                className="css-1iwo50k"
                onMouseEnter={[Function]}
                onMouseLeave={[Function]}
              >
                <div
                  className="css-nrul0i"
                >
                  <input
                    className="css-q6vozw"
                    defaultValue="Scenario 1"
                    disabled={false}
                    onBlur={[Function]}
                    onChange={[Function]}
                    onFocus={[Function]}
                    readOnly={true}
                    type="text"
                  />
                </div>
              </div>
              <div
                className="hover-icon css-16vb3lw-Icon"
                dangerouslySetInnerHTML={
                  {
                    "__html": {},
                  }
                }
              />
            </div>
          </form>
        </div>
      </div>
    </div>
    <div
      className="css-1oiyj7r-Column"
    >
      <div
        className="css-cx62la-ReadonlyActionField"
        data-testid="readonly-action-field"
        onClick={[MockFunction]}
      >
        <div
          className="css-1bkess4-ReadonlyActionField"
        >
          <div
            className="css-47wnmy-ReadonlyActionField"
          >
            projects__detail_time_label
          </div>
        </div>
        <div
          className="content-wrapper css-b45n67-ReadonlyActionField"
        >
          <div
            className="content css-1hje2zc-ReadonlyActionField"
          >
            <div
              className="css-e8i3t7-Text"
            >
              <div
                className="css-1lrzij5-Icon"
                dangerouslySetInnerHTML={
                  {
                    "__html": {},
                  }
                }
              />
              90 unit__minutes_short
            </div>
          </div>
          <button
            className="readonly-action-button css-4nv627-Button"
            disabled={false}
            onClick={[Function]}
          >
            <div
              className="css-95j2hm-Button"
            >
              edit_button
            </div>
          </button>
        </div>
      </div>
    </div>
  </div>
  <div
    className="css-18ypg4c-Column"
  >
    <div
      className="css-lz4b3k-Label"
    >
      description
      <div
        className="css-nhflpf-Icon"
        dangerouslySetInnerHTML={
          {
            "__html": {},
          }
        }
      />
    </div>
    <div
      className="overlay-edit-field css-0"
    >
      <div
        className="css-1kjt8hf-ReadonlyActionField"
        data-testid="readonly-action-field"
        onClick={[Function]}
      >
        <div
          className="css-1bkess4-ReadonlyActionField"
        />
        <div
          className="content-wrapper css-376q3o-ReadonlyActionField"
        >
          <div
            className="content css-ci7wec-ReadonlyActionField"
          >
            <div
              className="css-1h2eymq-InlineEditableTextarea"
              onClick={[Function]}
            >
              <div
                className="textarea css-1n5bn12-InlineEditableTextarea"
                contentEditable={false}
                suppressContentEditableWarning={true}
              >
                description
              </div>
              <div
                className="hover-icon css-1pndqgp-Icon"
                dangerouslySetInnerHTML={
                  {
                    "__html": {},
                  }
                }
              />
            </div>
          </div>
        </div>
      </div>
    </div>
  </div>
  <div
    className="css-1x21b1w-Information"
  >
    <div
      className="overlay-edit-field css-0"
    >
      <div
        className="css-1v0z0k-ReadonlyActionField"
        data-testid="readonly-action-field"
        onClick={[Function]}
      >
        <div
          className="css-1bkess4-ReadonlyActionField"
        >
          <div
            className="css-47wnmy-ReadonlyActionField"
          >
            scenario_details__general_tags
          </div>
        </div>
        <div
          className="content-wrapper css-b45n67-ReadonlyActionField"
        >
          <div
            className="content css-1hje2zc-ReadonlyActionField"
          >
            <div
              className="css-1ws8uc4-Tag"
            >
              <div
                className="css-12ia3h2-Text"
              >
                placeholder__tags
              </div>
            </div>
          </div>
          <button
            className="readonly-action-button css-4nv627-Button"
            disabled={false}
            onClick={[Function]}
          >
            <div
              className="css-95j2hm-Button"
            >
              edit_button
            </div>
          </button>
        </div>
      </div>
    </div>
    <div
      className="css-uietcf-Columns"
    >
      <div
        className="css-1oiyj7r-Column"
      >
        <div
          className="css-1v0z0k-ReadonlyActionField"
          data-testid="readonly-action-field"
          onClick={[Function]}
        >
          <div
            className="css-1bkess4-ReadonlyActionField"
          >
            <div
              className="css-47wnmy-ReadonlyActionField"
            >
              scenario_details__general_email
            </div>
          </div>
          <div
            className="content-wrapper css-b45n67-ReadonlyActionField"
          >
            <div
              className="content css-1hje2zc-ReadonlyActionField"
            >
              <div
                className="css-1bkess4-ReadonlyActionField"
              >
                <div
                  className="css-l0jg45-Icon"
                  dangerouslySetInnerHTML={
                    {
                      "__html": {},
                    }
                  }
                />
                <div
                  className="css-odwty4-Text"
                >
                  scenario_details__unavailable
                </div>
              </div>
            </div>
            <button
              className="readonly-action-button css-4nv627-Button"
              disabled={false}
              onClick={[Function]}
            >
              <div
                className="css-95j2hm-Button"
              >
                create_button
              </div>
            </button>
          </div>
        </div>
      </div>
      <div
        className="css-1oiyj7r-Column"
      >
        <div
          className="css-1v0z0k-ReadonlyActionField"
          data-testid="readonly-action-field"
          onClick={[MockFunction]}
        >
          <div
            className="css-1bkess4-ReadonlyActionField"
          >
            <div
              className="css-47wnmy-ReadonlyActionField"
            >
              scenario_details__date
            </div>
          </div>
          <div
            className="content-wrapper css-b45n67-ReadonlyActionField"
          >
            <div
              className="content css-1hje2zc-ReadonlyActionField"
            >
              <div
                className="css-1bkess4-ReadonlyActionField"
              >
                <div
                  className="css-l0jg45-Icon"
                  dangerouslySetInnerHTML={
                    {
                      "__html": {},
                    }
                  }
                />
                <div
                  className="css-odwty4-Text"
                >
                  01.01.1970 (scenario_details__fictive_date)
                </div>
              </div>
            </div>
            <button
              className="readonly-action-button css-4nv627-Button"
              disabled={false}
              onClick={[Function]}
            >
              <div
                className="css-95j2hm-Button"
              >
                edit_button
              </div>
            </button>
          </div>
        </div>
      </div>
      <div
        className="css-1bbhnip-Column"
      >
        <div
          className="css-1v0z0k-ReadonlyActionField"
          data-testid="readonly-action-field"
          onClick={[MockFunction]}
        >
          <div
            className="css-1bkess4-ReadonlyActionField"
          >
            <div
              className="css-47wnmy-ReadonlyActionField"
            >
              scenario_details__general_contributors
            </div>
          </div>
          <div
            className="content-wrapper css-b45n67-ReadonlyActionField"
          >
            <div
              className="content css-1hje2zc-ReadonlyActionField"
            >
              <div
                className="css-1bkess4-ReadonlyActionField"
              >
                <div
                  className="css-l0jg45-Icon"
                  dangerouslySetInnerHTML={
                    {
                      "__html": {},
                    }
                  }
                />
                <div
                  className="css-odwty4-Text"
                >
                  0 scenario_details__general_contributors
                </div>
              </div>
            </div>
            <button
              className="readonly-action-button css-4nv627-Button"
              disabled={false}
              onClick={[Function]}
            >
              <div
                className="css-95j2hm-Button"
              >
                scenario_details__button_invite
              </div>
            </button>
          </div>
        </div>
      </div>
    </div>
  </div>
</div>
`;
