// Jest Snapshot v1, https://goo.gl/fbAQLP

exports[`AutomatedRulesCards renders correctly with default props 1`] = `
[
  <div
    className="css-lz4b3k-Label"
  >
    coding_models__create_item_label_rating_type_automated_title
  </div>,
  <div
    className="css-1cky3ub-Columns"
  >
    <div
      className="css-1oiyj7r-Column"
    >
      <div
        className="css-6egt7t-Card"
        onClick={[Function]}
      >
        <div
          className="card-header css-a0e080-CardHeader"
        >
          <div
            className="css-1cygpbo-SelectableCard"
          >
            <div
              className="css-17tkprm-SelectableCard"
            >
              <div
                className="css-1f6p2vj-Heading"
              >
                coding_models__create_item_label_rating_type_automated_document_view
              </div>
            </div>
            <div
              className="radio-button css-aqrmqg-RadioButton"
            >
              <div
                className="css-1dzk059-RadioButton"
              >
                <div
                  className="css-1kv9hnx-RadioButton"
                >
                  <div
                    className="css-1lbkotz-RadioButton"
                  />
                </div>
              </div>
            </div>
          </div>
        </div>
        <div
          className="css-hpovgn-Text"
        >
          coding_models__create_item_label_rating_type_automated_document_view_hint
        </div>
      </div>
    </div>
    <div
      className="css-1oiyj7r-Column"
    >
      <div
        className="css-1h76oty-Card"
        onClick={[Function]}
      >
        <div
          className="card-header css-a0e080-CardHeader"
        >
          <div
            className="css-1cygpbo-SelectableCard"
          >
            <div
              className="css-17tkprm-SelectableCard"
            >
              <div
                className="css-1f6p2vj-Heading"
              >
                coding_models__create_item_label_rating_type_automated_feature_usage
              </div>
            </div>
            <div
              className="radio-button css-aqrmqg-RadioButton"
            >
              <div
                className="css-1dzk059-RadioButton"
              >
                <div
                  className="css-1kv9hnx-RadioButton"
                >
                  <div
                    className="css-7sxxnu-RadioButton"
                  />
                </div>
              </div>
            </div>
          </div>
        </div>
        <div
          className="css-hpovgn-Text"
        >
          coding_models__create_item_label_rating_type_automated_feature_usage_hint
        </div>
      </div>
    </div>
    <div
      className="css-1oiyj7r-Column"
    >
      <div
        className="css-1h76oty-Card"
        onClick={[Function]}
      >
        <div
          className="card-header css-a0e080-CardHeader"
        >
          <div
            className="css-1cygpbo-SelectableCard"
          >
            <div
              className="css-17tkprm-SelectableCard"
            >
              <div
                className="css-1f6p2vj-Heading"
              >
                coding_models__create_item_label_rating_type_automated_tool_usage
              </div>
            </div>
            <div
              className="radio-button css-aqrmqg-RadioButton"
            >
              <div
                className="css-1dzk059-RadioButton"
              >
                <div
                  className="css-1kv9hnx-RadioButton"
                >
                  <div
                    className="css-7sxxnu-RadioButton"
                  />
                </div>
              </div>
            </div>
          </div>
        </div>
        <div
          className="css-hpovgn-Text"
        >
          coding_models__create_item_label_rating_type_automated_tool_usage_hint
        </div>
      </div>
    </div>
  </div>,
  <div
    className="css-193kak8-Columns"
  >
    <div
      className="css-s1bg9q-Column"
    >
      <div
        className="css-1h76oty-Card"
        onClick={[Function]}
      >
        <div
          className="card-header css-a0e080-CardHeader"
        >
          <div
            className="css-1cygpbo-SelectableCard"
          >
            <div
              className="css-17tkprm-SelectableCard"
            >
              <div
                className="css-1f6p2vj-Heading"
              >
                coding_models__create_item_label_rating_type_automated_input_value
              </div>
            </div>
            <div
              className="radio-button css-aqrmqg-RadioButton"
            >
              <div
                className="css-1dzk059-RadioButton"
              >
                <div
                  className="css-1kv9hnx-RadioButton"
                >
                  <div
                    className="css-7sxxnu-RadioButton"
                  />
                </div>
              </div>
            </div>
          </div>
        </div>
        <div
          className="css-hpovgn-Text"
        >
          coding_models__create_item_label_rating_type_automated_input_value_hint
        </div>
      </div>
    </div>
    <div
      className="css-s1bg9q-Column"
    >
      <div
        className="css-1h76oty-Card"
        onClick={[Function]}
      >
        <div
          className="card-header css-a0e080-CardHeader"
        >
          <div
            className="css-1cygpbo-SelectableCard"
          >
            <div
              className="css-17tkprm-SelectableCard"
            >
              <div
                className="css-1f6p2vj-Heading"
              >
                coding_models__create_item_label_rating_type_automated_r_script
              </div>
            </div>
            <div
              className="radio-button css-aqrmqg-RadioButton"
            >
              <div
                className="css-1dzk059-RadioButton"
              >
                <div
                  className="css-1kv9hnx-RadioButton"
                >
                  <div
                    className="css-7sxxnu-RadioButton"
                  />
                </div>
              </div>
            </div>
          </div>
        </div>
        <div
          className="css-hpovgn-Text"
        >
          coding_models__create_item_label_rating_type_automated_r_script_hint
        </div>
      </div>
    </div>
  </div>,
]
`;
