// Jest Snapshot v1, https://goo.gl/fbAQLP

exports[`choose-questionnaire-question-type-modal renders correctly 1`] = `
<div
  className="css-1iw6hgd-Overlay"
>
  <div
    className="css-1iw6hgd-Overlay"
  >
    <div>
      <div
        className="css-1cw1kcy-Modal"
      >
        <header
          className="css-14sl779-Modal"
        >
          <div
            className="css-1f6p2vj-Heading"
          >
            questionnaire_question__creation_title
          </div>
          <div
            className="css-12vbzj8-Icon"
            dangerouslySetInnerHTML={
              {
                "__html": {},
              }
            }
            onClick={[MockFunction]}
          />
        </header>
        <section
          className="css-1gs9x9w-Modal"
        >
          <div
            className="css-etbshp-ChooseQuestionnaireQuestionTypeModal"
          >
            <div
              className="css-o2tml0-Card"
              onClick={[Function]}
            >
              <div
                className="card-header css-a0e080-CardHeader"
              >
                <div
                  className="css-1cygpbo-SelectableCard"
                >
                  <div
                    className="css-17tkprm-SelectableCard"
                  >
                    <div
                      className="css-1lrzij5-Icon"
                      dangerouslySetInnerHTML={
                        {
                          "__html": {},
                        }
                      }
                    />
                    <div
                      className="css-1f6p2vj-Heading"
                    >
                      questionnaire_question__multiple_choice_label
                    </div>
                  </div>
                </div>
              </div>
              <div
                className="css-hpovgn-Text"
              >
                questionnaire_question__multiple_choice_description
              </div>
            </div>
            <div
              className="css-o2tml0-Card"
              onClick={[Function]}
            >
              <div
                className="card-header css-a0e080-CardHeader"
              >
                <div
                  className="css-1cygpbo-SelectableCard"
                >
                  <div
                    className="css-17tkprm-SelectableCard"
                  >
                    <div
                      className="css-1lrzij5-Icon"
                      dangerouslySetInnerHTML={
                        {
                          "__html": {},
                        }
                      }
                    />
                    <div
                      className="css-1f6p2vj-Heading"
                    >
                      questionnaire_question__single_choice_label
                    </div>
                  </div>
                </div>
              </div>
              <div
                className="css-hpovgn-Text"
              >
                questionnaire_question__single_choice_description
              </div>
            </div>
            <div
              className="css-o2tml0-Card"
              onClick={[Function]}
            >
              <div
                className="card-header css-a0e080-CardHeader"
              >
                <div
                  className="css-1cygpbo-SelectableCard"
                >
                  <div
                    className="css-17tkprm-SelectableCard"
                  >
                    <div
                      className="css-1lrzij5-Icon"
                      dangerouslySetInnerHTML={
                        {
                          "__html": {},
                        }
                      }
                    />
                    <div
                      className="css-1f6p2vj-Heading"
                    >
                      questionnaire_question__free_text_label
                    </div>
                  </div>
                </div>
              </div>
              <div
                className="css-hpovgn-Text"
              >
                questionnaire_question__free_text_description
              </div>
            </div>
          </div>
        </section>
        <footer
          className="css-ukdqb3-Modal"
        >
          <button
            className="cancel-button css-a1i4d5-Button"
            disabled={false}
            onClick={[Function]}
          >
            <div
              className="css-95j2hm-Button"
            >
              cancel_button
            </div>
          </button>
          <button
            className="confirm-button css-1ex7tyh-Button"
            disabled={true}
            onClick={[Function]}
          >
            <div
              className="css-95j2hm-Button"
            >
              confirm_button
            </div>
          </button>
        </footer>
      </div>
    </div>
  </div>
</div>
`;
