// Jest Snapshot v1, https://goo.gl/fbAQLP

exports[`automated-criterion-choose-document-modal renders correctly 1`] = `
<div
  className="css-1iw6hgd-Overlay"
>
  <div
    className="css-1iw6hgd-Overlay"
  >
    <div>
      <div
        className="css-1cw1kcy-Modal"
      >
        <header
          className="css-14sl779-Modal"
        >
          <div
            className="css-1f6p2vj-Heading"
          >
            coding_models__automated_item_input_value_choose_document_modal_title
          </div>
          <div
            className="css-12vbzj8-Icon"
            dangerouslySetInnerHTML={
              {
                "__html": {},
              }
            }
            onClick={[MockFunction]}
          />
        </header>
        <section
          className="css-1gs9x9w-Modal"
        >
          <div
            className="css-1ooi5i8-AutomatedCriterionChooseDocumentModal"
          >
            <div
              className="css-o2tml0-Card"
              onClick={[Function]}
            >
              <div
                className="card-header css-a0e080-CardHeader"
              >
                <div
                  className="css-1cygpbo-SelectableCard"
                >
                  <div
                    className="css-17tkprm-SelectableCard"
                  >
                    <div
                      className="css-1lrzij5-Icon"
                      dangerouslySetInnerHTML={
                        {
                          "__html": {},
                        }
                      }
                    />
                    <div
                      className="css-1f6p2vj-Heading"
                    >
                      coding_models__automated_item_input_value_position_all_mails
                    </div>
                  </div>
                </div>
              </div>
              <div
                className="css-hpovgn-Text"
              >
                coding_models__automated_item_input_value_choose_document_modal_mails_text
              </div>
            </div>
            <div
              className="css-1pgmn6a-Card"
              onClick={[Function]}
            >
              <div
                className="card-header css-a0e080-CardHeader"
              >
                <div
                  className="css-1cygpbo-SelectableCard"
                >
                  <div
                    className="css-17tkprm-SelectableCard"
                  >
                    <div
                      className="css-1lrzij5-Icon"
                      dangerouslySetInnerHTML={
                        {
                          "__html": {},
                        }
                      }
                    />
                    <div
                      className="css-1f6p2vj-Heading"
                    >
                      scenario_details__settings_label_files_and_directories_only_spreadsheet
                    </div>
                  </div>
                  <div
                    className="css-l0jg45-Icon"
                    dangerouslySetInnerHTML={
                      {
                        "__html": {},
                      }
                    }
                  />
                </div>
              </div>
              <div
                className="css-hpovgn-Text"
              >
                coding_models__automated_item_input_value_choose_document_modal_files_and_directories_text
              </div>
            </div>
            <div
              className="css-o2tml0-Card"
              onClick={[Function]}
            >
              <div
                className="card-header css-a0e080-CardHeader"
              >
                <div
                  className="css-1cygpbo-SelectableCard"
                >
                  <div
                    className="css-17tkprm-SelectableCard"
                  >
                    <div
                      className="css-1lrzij5-Icon"
                      dangerouslySetInnerHTML={
                        {
                          "__html": {},
                        }
                      }
                    />
                    <div
                      className="css-1f6p2vj-Heading"
                    >
                      coding_models__automated_item_input_value_position_notes
                    </div>
                  </div>
                </div>
              </div>
              <div
                className="css-hpovgn-Text"
              >
                coding_models__automated_item_input_value_choose_document_modal_notes_text
              </div>
            </div>
          </div>
        </section>
        <footer
          className="css-159yf8u-Modal"
        >
          <button
            className="cancel-button css-a1i4d5-Button"
            disabled={false}
            onClick={[Function]}
          >
            <div
              className="css-95j2hm-Button"
            >
              cancel_button
            </div>
          </button>
          <button
            className="confirm-button css-1ex7tyh-Button"
            disabled={false}
            onClick={[Function]}
          >
            <div
              className="css-95j2hm-Button"
            >
              confirm_button
            </div>
          </button>
        </footer>
      </div>
    </div>
  </div>
</div>
`;
