// Jest Snapshot v1, https://goo.gl/fbAQLP

exports[`survey-detail renders correctly 1`] = `
<div
  className="content css-r3hgbg-Content"
>
  <div
    className="css-9pumgg-DetailViewHeader"
  >
    <button
      className="css-rmd9d0-Button"
      disabled={false}
      onClick={[Function]}
    >
      <div
        className="css-95j2hm-Button"
      >
        <div
          className="css-1lrzij5-Icon"
          dangerouslySetInnerHTML={
            {
              "__html": {},
            }
          }
        />
        <div
          className="css-u7npei-DetailViewHeader"
        >
          projects__survey_details_header_navigate_back_label
        </div>
      </div>
    </button>
    <div
      className="css-tqo6e0-DetailViewHeader"
    >
      projects__survey_details_header_label
    </div>
    <div
      className="css-16tq2dx-DetailViewHeader"
    >
      <div
        className="css-17bom2c-OrlyButton"
      >
        <button
          className="css-hnekdl-Button"
          disabled={true}
          onClick={[Function]}
        >
          <div
            className="css-95j2hm-Button"
          >
            <div
              className="css-mj8vo1-Icon"
              dangerouslySetInnerHTML={
                {
                  "__html": {},
                }
              }
            />
          </div>
        </button>
      </div>
    </div>
  </div>
  <div
    className="content-container css-6a1htv-Content"
  >
    <div
      className="css-63bajj-Card"
    >
      <div
        className="card-content css-1n9n9nm-CardContent"
      >
        <div
          className="css-1a50cz1-SurveyDetail"
        >
          <div>
            <div
              className="css-lz4b3k-Label"
            >
              title
              <div
                className="css-nhflpf-Icon"
                dangerouslySetInnerHTML={
                  {
                    "__html": {},
                  }
                }
              />
            </div>
            <div
              className="css-1yd7xcl-InlineEditableHeader"
            >
              <div>
                <form
                  className="css-1c5ej61-InlineEditableHeader"
                  onBlur={[Function]}
                  onSubmit={[Function]}
                >
                  <div
                    className="css-pl4s5v-InlineEditableHeader"
                    onClick={[Function]}
                  >
                    <div
                      className="css-1iwo50k"
                      onMouseEnter={[Function]}
                      onMouseLeave={[Function]}
                    >
                      <div
                        className="css-nrul0i"
                      >
                        <input
                          className="css-q6vozw"
                          defaultValue="my test scenario"
                          disabled={false}
                          onBlur={[Function]}
                          onChange={[Function]}
                          onFocus={[Function]}
                          readOnly={true}
                          type="text"
                        />
                      </div>
                    </div>
                    <div
                      className="hover-icon css-16vb3lw-Icon"
                      dangerouslySetInnerHTML={
                        {
                          "__html": {},
                        }
                      }
                    />
                  </div>
                </form>
              </div>
            </div>
          </div>
          <div
            className="css-u6fbpf-Heading"
          >
            dashboard__title_time_ended
          </div>
        </div>
        <div
          className="css-lz4b3k-Label"
        >
          description
          <div
            className="css-nhflpf-Icon"
            dangerouslySetInnerHTML={
              {
                "__html": {},
              }
            }
          />
        </div>
        <div
          className="overlay-edit-field css-0"
        >
          <div
            className="css-1kjt8hf-ReadonlyActionField"
            data-testid="readonly-action-field"
            onClick={[Function]}
          >
            <div
              className="css-1bkess4-ReadonlyActionField"
            />
            <div
              className="content-wrapper css-376q3o-ReadonlyActionField"
            >
              <div
                className="content css-ci7wec-ReadonlyActionField"
              >
                <div
                  className="css-1h2eymq-InlineEditableTextarea"
                  onClick={[Function]}
                >
                  <div
                    className="textarea css-1n5bn12-InlineEditableTextarea"
                    contentEditable={false}
                    suppressContentEditableWarning={true}
                  >
                    description
                  </div>
                  <div
                    className="hover-icon css-1pndqgp-Icon"
                    dangerouslySetInnerHTML={
                      {
                        "__html": {},
                      }
                    }
                  />
                </div>
              </div>
            </div>
          </div>
        </div>
        <div
          className="css-14rjq1s-SurveyDetail"
        >
          <div
            className="css-jkinj2-ReadonlyActionField"
            data-testid="readonly-action-field"
          >
            <div
              className="css-1bkess4-ReadonlyActionField"
            >
              <div
                className="css-47wnmy-ReadonlyActionField"
              >
                projects__surveys_details_participants_label
              </div>
            </div>
            <div
              className="content-wrapper css-b45n67-ReadonlyActionField"
            >
              <div
                className="content css-1hje2zc-ReadonlyActionField"
              >
                <div
                  className="css-hsuzhl-Text"
                >
                  <div
                    className="css-1lrzij5-Icon"
                    dangerouslySetInnerHTML={
                      {
                        "__html": {},
                      }
                    }
                  />
                  projects__surveys_details_participants_value
                </div>
              </div>
              <button
                className="readonly-action-button css-4nv627-Button"
                disabled={true}
                onClick={[Function]}
              >
                <div
                  className="css-95j2hm-Button"
                >
                  invite_button
                </div>
              </button>
            </div>
          </div>
          <div
            className="css-yle8de-ReadonlyActionField"
            data-testid="readonly-action-field"
            onClick={[MockFunction]}
          >
            <div
              className="css-1bkess4-ReadonlyActionField"
            >
              <div
                className="css-47wnmy-ReadonlyActionField"
              >
                projects__surveys_details_project_label
              </div>
            </div>
            <div
              className="content-wrapper css-b45n67-ReadonlyActionField"
            >
              <div
                className="content css-1hje2zc-ReadonlyActionField"
              >
                <div
                  className="css-1qdd775-Text"
                >
                  <span>
                    Project 1
                  </span>
                </div>
              </div>
              <button
                className="readonly-action-button css-4nv627-Button"
                disabled={false}
                onClick={[Function]}
              >
                <div
                  className="css-95j2hm-Button"
                >
                  show_button
                </div>
              </button>
            </div>
          </div>
        </div>
        <div
          className="css-1hol3sj-SurveyDetail"
        >
          <div
            className="css-148j23u-SurveyDetail"
          >
            <div
              className="css-1wutlzu-LabelledCard"
            >
              <div
                className="css-lz4b3k-Label"
              >
                projects__survey_details_settings_label
              </div>
              <div
                className="css-lblbfe-Card"
              >
                <div
                  className="card-content css-1vyr92j-CardContent"
                >
                  <div
                    className="css-1mnv1ci-SurveyDetailSettings"
                  >
                    <div
                      className="css-1ulrwv1-InformationEntry"
                    >
                      <div
                        className="css-7wq07p-InformationEntry"
                      >
                        <div
                          className="css-uoep3g-InformationEntry"
                        >
                          projects__surveys_details_participation_label
                        </div>
                      </div>
                      <div
                        className="css-plf496-InformationEntry"
                      >
                        <div
                          className="css-17zbm7y-Text"
                        >
                          projects__survey_overlay_closed_participation
                        </div>
                      </div>
                    </div>
                    <div
                      className="css-1ulrwv1-InformationEntry"
                    >
                      <div
                        className="css-7wq07p-InformationEntry"
                      >
                        <div
                          className="css-uoep3g-InformationEntry"
                        >
                          projects__surveys_progress_section_label
                        </div>
                      </div>
                      <div
                        className="css-plf496-InformationEntry"
                      >
                        <div
                          className="css-17zbm7y-Text"
                        >
                          projects__surveys_details_progress_automatic
                        </div>
                      </div>
                    </div>
                  </div>
                  <button
                    className="css-12cowym-Button"
                    disabled={false}
                    onClick={[Function]}
                  >
                    <div
                      className="css-95j2hm-Button"
                    >
                      edit_button
                    </div>
                  </button>
                </div>
              </div>
            </div>
            <div
              className="css-v3urfw-SurveyDetailDataDownload"
            >
              <div
                className="css-1rabetu-SurveyDetailDataDownload"
              >
                <div
                  className="css-4d08oz-Heading"
                >
                  projects__survey_details_data
                </div>
              </div>
              <div
                className="css-lblbfe-Card"
              >
                <div
                  className="card-content css-1gc675l-CardContent"
                >
                  <div
                    className="css-r9z753-SurveyDetailDataDownload"
                  >
                    <div
                      className="css-1ds7t6g-SurveyDetailDataDownload"
                    >
                      projects__survey_details_survey_data
                      <div
                        className="css-0"
                        id="tooltip_42"
                      >
                        <div
                          className="css-qnyrc1-Icon"
                          dangerouslySetInnerHTML={
                            {
                              "__html": {},
                            }
                          }
                        />
                      </div>
                      <div
                        className="react-tooltip styles-module_tooltip__mnnfp styles-module_dark__xNqje css-10zyuev-Tooltip"
                        role="tooltip"
                        style={
                          {
                            "backgroundColor": "#2e3032",
                            "zIndex": 1,
                          }
                        }
                      >
                        <div
                          className="css-12xum2z-Tooltip"
                        >
                          <div
                            className="css-1kjzr28-Tooltip"
                          >
                            <div
                              className="css-jb7kz7-Heading"
                            >
                              projects__survey_details_survey_data
                            </div>
                            <div
                              className="css-8tih5m-Text"
                            >
                              projects__survey_details_survey_data_tooltip
                            </div>
                          </div>
                        </div>
                        <div
                          className="react-tooltip-arrow styles-module_arrow__K0L3T"
                          style={{}}
                        />
                      </div>
                    </div>
                    <a
                      className="css-dc975c-SurveyDetailDataDownload"
                      href="/backend/binary/survey/18de306c-a8f8-4311-9a2f-ca5418a245ac"
                    >
                      <button
                        className="css-1cywa3f-Button"
                        disabled={false}
                        onClick={[Function]}
                      >
                        <div
                          className="css-95j2hm-Button"
                        >
                          <div
                            className="css-mj8vo1-Icon"
                            dangerouslySetInnerHTML={
                              {
                                "__html": {},
                              }
                            }
                          />
                        </div>
                      </button>
                    </a>
                  </div>
                  <div
                    className="css-r9z753-SurveyDetailDataDownload"
                  >
                    <div
                      className="css-1ds7t6g-SurveyDetailDataDownload"
                    >
                      projects__survey_details_media
                      <div
                        className="css-0"
                        id="tooltip_42"
                      >
                        <div
                          className="css-qnyrc1-Icon"
                          dangerouslySetInnerHTML={
                            {
                              "__html": {},
                            }
                          }
                        />
                      </div>
                      <div
                        className="react-tooltip styles-module_tooltip__mnnfp styles-module_dark__xNqje css-10zyuev-Tooltip"
                        role="tooltip"
                        style={
                          {
                            "backgroundColor": "#2e3032",
                            "zIndex": 1,
                          }
                        }
                      >
                        <div
                          className="css-12xum2z-Tooltip"
                        >
                          <div
                            className="css-1kjzr28-Tooltip"
                          >
                            <div
                              className="css-jb7kz7-Heading"
                            >
                              projects__survey_details_media
                            </div>
                            <div
                              className="css-8tih5m-Text"
                            >
                              projects__survey_details_media_tooltip
                            </div>
                          </div>
                        </div>
                        <div
                          className="react-tooltip-arrow styles-module_arrow__K0L3T"
                          style={{}}
                        />
                      </div>
                    </div>
                    <a
                      className="css-dc975c-SurveyDetailDataDownload"
                      href="/backend/binary/survey/18de306c-a8f8-4311-9a2f-ca5418a245ac/binaries"
                    >
                      <button
                        className="css-1cywa3f-Button"
                        disabled={false}
                        onClick={[Function]}
                      >
                        <div
                          className="css-95j2hm-Button"
                        >
                          <div
                            className="css-mj8vo1-Icon"
                            dangerouslySetInnerHTML={
                              {
                                "__html": {},
                              }
                            }
                          />
                        </div>
                      </button>
                    </a>
                  </div>
                </div>
              </div>
            </div>
            <div
              className="css-1d0gwig-SurveyDetail"
            >
              <div
                className="css-10550zi-Card"
                onClick={[MockFunction]}
              >
                <div
                  className="card-header css-17xm4q9-CardHeader"
                >
                  <div
                    className="css-1cvfayx-Heading"
                  >
                    dashboard__progress_project_title
                  </div>
                  <div
                    className="css-1pmfd-Icon"
                    dangerouslySetInnerHTML={
                      {
                        "__html": {},
                      }
                    }
                  />
                </div>
                <div
                  className="card-content css-51sp4r-CardContent"
                >
                  <div
                    className="donut-chart css-nufzg-DonutChartWithLegend"
                  >
                    <div
                      className="css-ow8vil-DonutChartWithLegend"
                    >
                      <svg
                        height="100%"
                        viewBox="0 0 100 100"
                        width="100%"
                      >
                        <path
                          d="M 50 95 A 45 45 0 1 1 50.00078539816336 94.9999999931461"
                          fill="none"
                          stroke="#d5d5d5"
                          strokeWidth={10}
                        />
                        <path
                          d="M 50 95 A 45 45 0 0 1 5 50.00000000000001"
                          fill="none"
                          stroke="#b4b4b4"
                          strokeWidth={10}
                          style={{}}
                        >
                          <title>
                            dashboard__progress_chart_invited
                          </title>
                        </path>
                        <path
                          d="M 5 50.00000000000001 A 45 45 0 0 1 49.99999999999999 5"
                          fill="none"
                          stroke="#4f82cf"
                          strokeWidth={10}
                          style={{}}
                        >
                          <title>
                            dashboard__progress_chart_active
                          </title>
                        </path>
                        <path
                          d="M 49.99999999999999 5 A 45 45 0 0 1 50.000000000000014 95"
                          fill="none"
                          stroke="#4fcfc5"
                          strokeWidth={10}
                          style={{}}
                        >
                          <title>
                            dashboard__progress_chart_completed
                          </title>
                        </path>
                      </svg>
                      <div
                        className="css-1i325mk-Icon"
                        dangerouslySetInnerHTML={
                          {
                            "__html": {},
                          }
                        }
                      />
                    </div>
                    <div>
                      <div
                        className="css-15gyx2o-DonutChartWithLegend"
                      >
                        <div
                          className="css-qcf7xd-Text"
                        >
                          dashboard__progress_chart_legend
                        </div>
                        <div
                          className="css-1ggn5r6-Text"
                        >
                          24
                        </div>
                      </div>
                      <div
                        className="legend-entry css-1ya8xz5-DonutChartWithLegend"
                      >
                        <div
                          className="css-19o5m4d-DonutChartWithLegend"
                        />
                        <div
                          className="css-17zbm7y-Text"
                        >
                          dashboard__progress_chart_invited
                        </div>
                        <div
                          className="css-dlhgnj-Text"
                        >
                          6
                        </div>
                      </div>
                      <div
                        className="legend-entry css-1ya8xz5-DonutChartWithLegend"
                      >
                        <div
                          className="css-1e425ar-DonutChartWithLegend"
                        />
                        <div
                          className="css-17zbm7y-Text"
                        >
                          dashboard__progress_chart_active
                        </div>
                        <div
                          className="css-dlhgnj-Text"
                        >
                          6
                        </div>
                      </div>
                      <div
                        className="legend-entry css-1ya8xz5-DonutChartWithLegend"
                      >
                        <div
                          className="css-1noydjl-DonutChartWithLegend"
                        />
                        <div
                          className="css-17zbm7y-Text"
                        >
                          dashboard__progress_chart_completed
                        </div>
                        <div
                          className="css-dlhgnj-Text"
                        >
                          12
                        </div>
                      </div>
                    </div>
                  </div>
                </div>
                <div
                  className="card-footer css-1decrb8-CardFooter"
                >
                  <div
                    className="css-17zbm7y-Text"
                  >
                    dashboard__progress_running
                  </div>
                  <div
                    className="css-l0jg45-Icon"
                    dangerouslySetInnerHTML={
                      {
                        "__html": {},
                      }
                    }
                  />
                </div>
              </div>
              <div
                className="css-18cybom-Card"
                onClick={[MockFunction]}
              >
                <div
                  className="card-header css-17xm4q9-CardHeader"
                >
                  <div
                    className="css-1cvfayx-Heading"
                  >
                    dashboard__progress_scoring_title
                  </div>
                  <div
                    className="css-1pmfd-Icon"
                    dangerouslySetInnerHTML={
                      {
                        "__html": {},
                      }
                    }
                  />
                </div>
                <div
                  className="card-content css-51sp4r-CardContent"
                >
                  <div
                    className="css-1xag63u-RatingProgressCard"
                  >
                    <div
                      className="donut-chart css-109bzso-DonutChartWithLegend"
                    >
                      <div
                        className="css-ow8vil-DonutChartWithLegend"
                      >
                        <svg
                          height="100%"
                          viewBox="0 0 100 100"
                          width="100%"
                        >
                          <path
                            d="M 50 95 A 45 45 0 1 1 50.00078539816336 94.9999999931461"
                            fill="none"
                            stroke="#d5d5d5"
                            strokeWidth={10}
                          />
                          <path
                            d=""
                            fill="none"
                            stroke="#b4b4b4"
                            strokeWidth={10}
                            style={{}}
                          >
                            <title>
                              rating__ongoing_count
                            </title>
                          </path>
                          <path
                            d=""
                            fill="none"
                            stroke="#4fcfc5"
                            strokeWidth={10}
                            style={{}}
                          >
                            <title>
                              rating__finished_count
                            </title>
                          </path>
                        </svg>
                        <div
                          className="css-1i325mk-Icon"
                          dangerouslySetInnerHTML={
                            {
                              "__html": {},
                            }
                          }
                        />
                      </div>
                      <div>
                        <div
                          className="css-15gyx2o-DonutChartWithLegend"
                        >
                          <div
                            className="css-qcf7xd-Text"
                          >
                            rating__raters_label
                          </div>
                          <div
                            className="css-1ggn5r6-Text"
                          >
                            0
                          </div>
                        </div>
                        <div
                          className="legend-entry css-jupuj5-DonutChartWithLegend"
                        >
                          <div
                            className="css-12vuskn-DonutChartWithLegend"
                          />
                          <div
                            className="css-17zbm7y-Text"
                          >
                            rating__ongoing_count
                          </div>
                          <div
                            className="css-dlhgnj-Text"
                          >
                            0
                          </div>
                        </div>
                        <div
                          className="legend-entry css-jupuj5-DonutChartWithLegend"
                        >
                          <div
                            className="css-1i6ffm0-DonutChartWithLegend"
                          />
                          <div
                            className="css-17zbm7y-Text"
                          >
                            rating__finished_count
                          </div>
                          <div
                            className="css-dlhgnj-Text"
                          >
                            0
                          </div>
                        </div>
                      </div>
                    </div>
                  </div>
                </div>
                <div
                  className="card-footer css-1decrb8-CardFooter"
                >
                  <div
                    className="css-17zbm7y-Text"
                  >
                    dashboard__scoring_ongoing
                  </div>
                  <div
                    className="css-l0jg45-Icon"
                    dangerouslySetInnerHTML={
                      {
                        "__html": {},
                      }
                    }
                  />
                </div>
              </div>
              <div
                className="css-18cybom-Card"
                onClick={[MockFunction]}
              >
                <div
                  className="card-header css-1jjfdh1-CardHeader"
                >
                  <div
                    className="css-1cvfayx-Heading"
                  >
                    dashboard__progress_reports_title
                  </div>
                  <div
                    className="css-1pmfd-Icon"
                    dangerouslySetInnerHTML={
                      {
                        "__html": {},
                      }
                    }
                  />
                </div>
                <div
                  className="card-content css-51sp4r-CardContent"
                >
                  <div
                    className="css-wz4xt9-ReportingCard"
                  >
                    <div
                      className="css-17zbm7y-Text"
                    >
                      dashboard__progress_reports_finished_modules
                    </div>
                    <div
                      className="css-17zbm7y-Text"
                    >
                      0 / 1
                    </div>
                  </div>
                  <div
                    className="css-wz4xt9-ReportingCard"
                  >
                    <div
                      className="css-17zbm7y-Text"
                    >
                      dashboard__progress_reports_fully_rate_abbr
                    </div>
                    <div
                      className="css-17zbm7y-Text"
                    >
                      3
                       / 
                      6
                    </div>
                  </div>
                  <div
                    className="css-wz4xt9-ReportingCard"
                  >
                    <div
                      className="css-17zbm7y-Text"
                    >
                      dashboard__progress_reports_maximum_score
                    </div>
                    <div
                      className="css-17zbm7y-Text"
                    >
                      292
                    </div>
                  </div>
                  <div
                    className="css-wz4xt9-ReportingCard"
                  >
                    <div
                      className="css-qcf7xd-Text"
                    >
                      dashboard__progress_reports_survey_average
                    </div>
                    <div
                      className="css-qcf7xd-Text"
                    >
                      253
                    </div>
                  </div>
                  <div
                    className="css-ujroht-ProgressBar"
                  >
                    <div
                      className="progress-element css-1nvkhv2-ProgressBar"
                    />
                    <div
                      className="css-rsr7yg-ProgressBar"
                    />
                  </div>
                </div>
                <div
                  className="card-footer css-texso5-CardFooter"
                >
                  <div
                    className="css-17zbm7y-Text"
                  >
                    dashboard__progress_reports_missing_reports
                  </div>
                  <div
                    className="css-l0jg45-Icon"
                    dangerouslySetInnerHTML={
                      {
                        "__html": {},
                      }
                    }
                  />
                </div>
              </div>
            </div>
          </div>
        </div>
      </div>
    </div>
  </div>
  <div
    className="bottom-action-bar css-1koo7p0-ContentBottomActionbar"
  />
</div>
`;
