// Jest Snapshot v1, https://goo.gl/fbAQLP

exports[`reference-book-video renders correctly 1`] = `
<div
  className="css-1qtaw86-ReferenceBookVideo"
>
  <div
    className="css-140lpvm-ReferenceBookVideo"
  >
    <video
      className="css-1ftwx9h-ReferenceBookVideo"
      controls={false}
      role="video"
      src="https://luca-develop.s3.eu-central-1.amazonaws.com/3dd596c7-b766-4fb2-9a8d-7b4a0a318c0e"
    />
  </div>
  <div
    className="edit-overlay css-ff7td4-ReferenceBookVideo"
    onClick={[MockFunction]}
  >
    <div
      className="css-1wr1ssb-Icon"
      dangerouslySetInnerHTML={
        {
          "__html": {},
        }
      }
    />
    <div>
      edit__video
    </div>
    <div
      className="css-1806nni-OrlyButton"
    >
      <button
        className="css-hnekdl-Button"
        disabled={false}
        onClick={[Function]}
      >
        <div
          className="css-95j2hm-Button"
        >
          <div
            className="css-mj8vo1-Icon"
            dangerouslySetInnerHTML={
              {
                "__html": {},
              }
            }
          />
        </div>
      </button>
    </div>
  </div>
</div>
`;
