// Jest Snapshot v1, https://goo.gl/fbAQLP

exports[`email-create-modal renders correctly 1`] = `
<div
  className="css-1iw6hgd-Overlay"
>
  <div
    className="css-1iw6hgd-Overlay"
  >
    <div>
      <div
        className="css-1yjl9p0-Modal"
      >
        <header
          className="css-14sl779-Modal"
        >
          <div
            className="css-1f6p2vj-Heading"
          >
            email__create_email
          </div>
          <div
            className="css-12vbzj8-Icon"
            dangerouslySetInnerHTML={
              {
                "__html": {},
              }
            }
            onClick={[MockFunction]}
          />
        </header>
        <section
          className="css-1gs9x9w-Modal"
        >
          <div>
            <div
              className="css-fmthw-Text"
            >
              email__create_hint
            </div>
            <div
              className="css-8gdngw-EmailCreateModal"
            >
              <div
                className="css-zdb51k-EmailCreateModal"
              >
                <div
                  className="css-17as3x0"
                  onMouseEnter={[Function]}
                  onMouseLeave={[Function]}
                >
                  <div
                    className="css-13s2sfk-Heading"
                  >
                    email__directory_sender
                  </div>
                  <div
                    className="css-1unfqpo"
                  >
                    <input
                      className="css-pkbj54"
                      defaultValue=""
                      disabled={false}
                      name="senderOrRecipient"
                      onBlur={[Function]}
                      onChange={[Function]}
                      onFocus={[Function]}
                      placeholder="email__create_placeholder"
                      type="email"
                    />
                  </div>
                </div>
              </div>
              <div
                className="css-557pd0"
                data-testid="custom-select"
              >
                <div
                  className="css-0"
                >
                  <div
                    className="css-13s2sfk-Heading"
                  >
                    email__directory
                  </div>
                </div>
                <div
                  className="css-18vooac"
                  onMouseEnter={[Function]}
                  onMouseLeave={[Function]}
                >
                  <div
                    className="custom-select css-b62m3t-container"
                    onKeyDown={[Function]}
                  >
                    <span
                      className="css-1f43avz-a11yText-A11yText"
                      id="react-select-2-live-region"
                    />
                    <span
                      aria-atomic="false"
                      aria-live="polite"
                      aria-relevant="additions text"
                      className="css-1f43avz-a11yText-A11yText"
                    />
                    <div
                      className=" css-1l51fcv-control"
                      onMouseDown={[Function]}
                      onTouchEnd={[Function]}
                    >
                      <div
                        className=" css-1fdsijx-ValueContainer"
                      >
                        <div
                          className=" css-1jqq78o-placeholder"
                          id="react-select-2-placeholder"
                        >
                          select__placeholder
                        </div>
                        <input
                          aria-autocomplete="list"
                          aria-describedby="react-select-2-placeholder"
                          aria-expanded={false}
                          aria-haspopup={true}
                          aria-readonly={true}
                          className="css-mohuvp-dummyInput-DummyInput"
                          disabled={false}
                          id="react-select-2-input"
                          inputMode="none"
                          onBlur={[Function]}
                          onChange={[Function]}
                          onFocus={[Function]}
                          role="combobox"
                          tabIndex={0}
                          value=""
                        />
                      </div>
                      <div
                        className=" css-1hb7zxy-IndicatorsContainer"
                      >
                        <span
                          className=" css-1uei4ir-indicatorSeparator"
                        />
                        <div
                          aria-hidden="true"
                          className=" css-1xc3v61-indicatorContainer"
                          onMouseDown={[Function]}
                          onTouchEnd={[Function]}
                        >
                          <div
                            className="css-l0jg45-Icon"
                            dangerouslySetInnerHTML={
                              {
                                "__html": {},
                              }
                            }
                          />
                        </div>
                      </div>
                    </div>
                    <input
                      name="directory"
                      type="hidden"
                      value=""
                    />
                  </div>
                </div>
              </div>
            </div>
          </div>
        </section>
        <footer
          className="css-ukdqb3-Modal"
        >
          <button
            className="cancel-button css-a1i4d5-Button"
            disabled={false}
            onClick={[Function]}
          >
            <div
              className="css-95j2hm-Button"
            >
              cancel
            </div>
          </button>
          <button
            className="confirm-button css-1ex7tyh-Button"
            disabled={false}
            onClick={[Function]}
          >
            <div
              className="css-95j2hm-Button"
            >
              create_button
            </div>
          </button>
        </footer>
      </div>
    </div>
  </div>
</div>
`;
