// Jest Snapshot v1, https://goo.gl/fbAQLP

exports[`rater-rating-participant-progress-indicator renders correctly 1`] = `
<div
  className="css-ij7jn1-ModuleProgressIndicator"
>
  <div
    className="css-17zbm7y-Text"
  >
    4/4
  </div>
  <div
    className="css-1xf60qh-ModuleProgressIndicator"
  >
    <div
      className="completed-indicator css-c39ufe-ModuleProgressIndicator"
    />
    <div
      className="completed-indicator css-c39ufe-ModuleProgressIndicator"
    />
    <div
      className="completed-indicator css-c39ufe-ModuleProgressIndicator"
    />
    <div
      className="completed-indicator css-c39ufe-ModuleProgressIndicator"
    />
  </div>
</div>
`;
