// Jest Snapshot v1, https://goo.gl/fbAQLP

exports[`start-project renders correctly 1`] = `null`;
