// Jest Snapshot v1, https://goo.gl/fbAQLP

exports[`manage-invitations-modal-email-addresses-grid renders correctly 1`] = `
<div
  className="wrapper css-z70zj5-InviteAttendeesEmailAddressesGrid"
>
  <div
    className="css-1akphf9-Heading"
  >
    projects__survey_details_invite_emails_grid_heading
  </div>
  <div
    className="grid-wrapper css-1d467hy-InviteAttendeesEmailAddressesGrid"
  >
    <div
      className="grid-top-bar css-7h2thf-InviteAttendeesEmailAddressesGrid"
    />
    <div
      className="grid-scroll-wrapper css-v0ses7-InviteAttendeesEmailAddressesGrid"
    >
      <div
        className="grid css-b7vqx3-InviteAttendeesEmailAddressesGrid"
      >
        <div
          className="css-0"
          id="tooltip_42"
        >
          <div>
            <div
              className="css-bn1a4g-Paper"
              title="projects__survey_details_tooltip_invite_already_sent"
            >
              <div
                className="css-17zbm7y-Text"
              >
                cap@cap3.de
              </div>
              <div
                className="css-0"
                id="tooltip_42"
              >
                <div
                  className="trash-icon css-16kls7j-Icon"
                  dangerouslySetInnerHTML={
                    {
                      "__html": {},
                    }
                  }
                  onClick={[Function]}
                  title="projects__survey_details_tooltip_remove_from_list"
                />
              </div>
              <div
                className="react-tooltip styles-module_tooltip__mnnfp styles-module_dark__xNqje css-10zyuev-Tooltip"
                role="tooltip"
                style={
                  {
                    "backgroundColor": "#2e3032",
                    "zIndex": 1,
                  }
                }
              >
                projects__survey_details_tooltip_remove_from_list
                <div
                  className="react-tooltip-arrow styles-module_arrow__K0L3T"
                  style={{}}
                />
              </div>
            </div>
          </div>
        </div>
        <div
          className="react-tooltip styles-module_tooltip__mnnfp styles-module_dark__xNqje css-10zyuev-Tooltip"
          role="tooltip"
          style={
            {
              "backgroundColor": "#2e3032",
              "zIndex": 1,
            }
          }
        >
          projects__survey_details_tooltip_invite_already_sent
          <div
            className="react-tooltip-arrow styles-module_arrow__K0L3T"
            style={{}}
          />
        </div>
        <div>
          <div
            className="css-ujfly3-Paper"
          >
            <div
              className="css-17zbm7y-Text"
            >
              testmail@test.de
            </div>
            <div
              className="css-0"
              id="tooltip_42"
            >
              <div
                className="trash-icon css-16kls7j-Icon"
                dangerouslySetInnerHTML={
                  {
                    "__html": {},
                  }
                }
                onClick={[Function]}
                title="projects__survey_details_tooltip_remove_from_list"
              />
            </div>
            <div
              className="react-tooltip styles-module_tooltip__mnnfp styles-module_dark__xNqje css-10zyuev-Tooltip"
              role="tooltip"
              style={
                {
                  "backgroundColor": "#2e3032",
                  "zIndex": 1,
                }
              }
            >
              projects__survey_details_tooltip_remove_from_list
              <div
                className="react-tooltip-arrow styles-module_arrow__K0L3T"
                style={{}}
              />
            </div>
          </div>
        </div>
        <div>
          <div
            className="css-ujfly3-Paper"
          >
            <div
              className="css-17zbm7y-Text"
            >
              cap@cap3.de
            </div>
            <div
              className="css-0"
              id="tooltip_42"
            >
              <div
                className="trash-icon css-16kls7j-Icon"
                dangerouslySetInnerHTML={
                  {
                    "__html": {},
                  }
                }
                onClick={[Function]}
                title="projects__survey_details_tooltip_remove_from_list"
              />
            </div>
            <div
              className="react-tooltip styles-module_tooltip__mnnfp styles-module_dark__xNqje css-10zyuev-Tooltip"
              role="tooltip"
              style={
                {
                  "backgroundColor": "#2e3032",
                  "zIndex": 1,
                }
              }
            >
              projects__survey_details_tooltip_remove_from_list
              <div
                className="react-tooltip-arrow styles-module_arrow__K0L3T"
                style={{}}
              />
            </div>
          </div>
        </div>
        <div>
          <div
            className="css-ujfly3-Paper"
          >
            <div
              className="css-17zbm7y-Text"
            >
              testmai2l@test.de
            </div>
            <div
              className="css-0"
              id="tooltip_42"
            >
              <div
                className="trash-icon css-16kls7j-Icon"
                dangerouslySetInnerHTML={
                  {
                    "__html": {},
                  }
                }
                onClick={[Function]}
                title="projects__survey_details_tooltip_remove_from_list"
              />
            </div>
            <div
              className="react-tooltip styles-module_tooltip__mnnfp styles-module_dark__xNqje css-10zyuev-Tooltip"
              role="tooltip"
              style={
                {
                  "backgroundColor": "#2e3032",
                  "zIndex": 1,
                }
              }
            >
              projects__survey_details_tooltip_remove_from_list
              <div
                className="react-tooltip-arrow styles-module_arrow__K0L3T"
                style={{}}
              />
            </div>
          </div>
        </div>
        <div>
          <div
            className="css-ujfly3-Paper"
          >
            <div
              className="css-17zbm7y-Text"
            >
              cap3@cap3.de
            </div>
            <div
              className="css-0"
              id="tooltip_42"
            >
              <div
                className="trash-icon css-16kls7j-Icon"
                dangerouslySetInnerHTML={
                  {
                    "__html": {},
                  }
                }
                onClick={[Function]}
                title="projects__survey_details_tooltip_remove_from_list"
              />
            </div>
            <div
              className="react-tooltip styles-module_tooltip__mnnfp styles-module_dark__xNqje css-10zyuev-Tooltip"
              role="tooltip"
              style={
                {
                  "backgroundColor": "#2e3032",
                  "zIndex": 1,
                }
              }
            >
              projects__survey_details_tooltip_remove_from_list
              <div
                className="react-tooltip-arrow styles-module_arrow__K0L3T"
                style={{}}
              />
            </div>
          </div>
        </div>
        <div
          className="css-0"
          id="tooltip_42"
        >
          <div>
            <div
              className="css-7t4i1z-Paper"
              title="projects__survey_details_tooltip_invite_duplicate"
            >
              <div
                className="css-17zbm7y-Text"
              >
                testmail@test.de
              </div>
              <div
                className="css-0"
                id="tooltip_42"
              >
                <div
                  className="trash-icon css-16kls7j-Icon"
                  dangerouslySetInnerHTML={
                    {
                      "__html": {},
                    }
                  }
                  onClick={[Function]}
                  title="projects__survey_details_tooltip_remove_from_list"
                />
              </div>
              <div
                className="react-tooltip styles-module_tooltip__mnnfp styles-module_dark__xNqje css-10zyuev-Tooltip"
                role="tooltip"
                style={
                  {
                    "backgroundColor": "#2e3032",
                    "zIndex": 1,
                  }
                }
              >
                projects__survey_details_tooltip_remove_from_list
                <div
                  className="react-tooltip-arrow styles-module_arrow__K0L3T"
                  style={{}}
                />
              </div>
            </div>
          </div>
        </div>
        <div
          className="react-tooltip styles-module_tooltip__mnnfp styles-module_dark__xNqje css-10zyuev-Tooltip"
          role="tooltip"
          style={
            {
              "backgroundColor": "#2e3032",
              "zIndex": 1,
            }
          }
        >
          projects__survey_details_tooltip_invite_duplicate
          <div
            className="react-tooltip-arrow styles-module_arrow__K0L3T"
            style={{}}
          />
        </div>
        <div
          className="css-0"
          id="tooltip_42"
        >
          <div>
            <div
              className="css-7t4i1z-Paper"
              title="projects__survey_details_tooltip_invite_already_sent"
            >
              <div
                className="css-17zbm7y-Text"
              >
                cap@cap3.de
              </div>
              <div
                className="css-0"
                id="tooltip_42"
              >
                <div
                  className="trash-icon css-16kls7j-Icon"
                  dangerouslySetInnerHTML={
                    {
                      "__html": {},
                    }
                  }
                  onClick={[Function]}
                  title="projects__survey_details_tooltip_remove_from_list"
                />
              </div>
              <div
                className="react-tooltip styles-module_tooltip__mnnfp styles-module_dark__xNqje css-10zyuev-Tooltip"
                role="tooltip"
                style={
                  {
                    "backgroundColor": "#2e3032",
                    "zIndex": 1,
                  }
                }
              >
                projects__survey_details_tooltip_remove_from_list
                <div
                  className="react-tooltip-arrow styles-module_arrow__K0L3T"
                  style={{}}
                />
              </div>
            </div>
          </div>
        </div>
        <div
          className="react-tooltip styles-module_tooltip__mnnfp styles-module_dark__xNqje css-10zyuev-Tooltip"
          role="tooltip"
          style={
            {
              "backgroundColor": "#2e3032",
              "zIndex": 1,
            }
          }
        >
          projects__survey_details_tooltip_invite_already_sent
          <div
            className="react-tooltip-arrow styles-module_arrow__K0L3T"
            style={{}}
          />
        </div>
      </div>
    </div>
    <div
      className="grid-bottom-bar css-121255i-InviteAttendeesEmailAddressesGrid"
    />
  </div>
</div>
`;
