// Jest Snapshot v1, https://goo.gl/fbAQLP

exports[`ProjectEnd renders correctly 1`] = `
<div
  className="css-hbphg0-ProjectEnd"
>
  <div
    className="css-1fm4cyn-AppHeader"
  >
    <div
      className="app-title css-5p7lab-AppHeader"
    >
      <div
        className="css-1fxkx3u-Icon"
        dangerouslySetInnerHTML={
          {
            "__html": {},
          }
        }
      />
      <div
        className="css-yl0smr-Heading"
      >
        header__app_title
      </div>
    </div>
    <div
      className="css-1vepu24-AppHeader"
    >
      <span
        className="css-1kymlcf-AppHeader"
      >
        project__end_successful_header
      </span>
    </div>
    <div
      className="css-avzpqv-ProgressTimeClock"
      onClick={[Function]}
    >
      <div
        className="css-1xtqo1u-Tooltip"
        id="tooltip_42"
      >
        <div
          className="css-1x45ysw-ProgressTimeClock"
        >
          <div
            className="css-fmthw-Text"
          >
            01.01.1970 - 00:00
          </div>
          <div
            className="css-kgdmdb-Icon"
            dangerouslySetInnerHTML={
              {
                "__html": {},
              }
            }
          />
        </div>
      </div>
    </div>
  </div>
  <div
    className="css-1hykuu4-DesktopBackgroundOverlay"
  >
    <div
      className="css-frr1bk-DesktopBackgroundOverlay"
    >
      <div
        className="desktop-final-content css-17kczyk-ProjectEnd"
      >
        <div
          className="css-1spg3d3-Heading"
        >
          project__end_successful_title
        </div>
        <div
          className="css-fmthw-Text"
        >
          project__end_successful_text
        </div>
        <div
          className="css-wx6fpr-ProjectEnd"
        >
          <div
            className="css-8050ac-Heading"
          >
            project__start_dialog_text_confirm_modal_code
          </div>
          <div
            className="css-ke0ydv-Text"
          >
            fsdskdjf
          </div>
        </div>
      </div>
    </div>
    <div
      className="css-6ndbya-DesktopBackground"
    >
      <div
        className="background-logo css-1xk0bda-DesktopBackground"
        dangerouslySetInnerHTML={
          {
            "__html": {},
          }
        }
      />
    </div>
  </div>
</div>
`;
