// Jest Snapshot v1, https://goo.gl/fbAQLP

exports[`Directory Detail View renders correctly 1`] = `
<div
  className="css-63bajj-Card"
>
  <div
    className="card-header css-13nbzsf-CardHeader"
  >
    <div
      className="css-17beenm-DetailHeader"
    >
      <div
        className="css-1lrzij5-Icon"
        dangerouslySetInnerHTML={
          {
            "__html": {},
          }
        }
      />
      <div
        className="css-1i6jmor-Heading"
      >
        Bilder
      </div>
    </div>
    <div
      className="css-ntx7po-DetailHeader"
    >
      <div
        className="css-0"
      >
        <button
          className="css-hnekdl-Button"
          disabled={false}
          onClick={[Function]}
        >
          <div
            className="css-95j2hm-Button"
          >
            <div
              className="css-mj8vo1-Icon"
              dangerouslySetInnerHTML={
                {
                  "__html": {},
                }
              }
            />
          </div>
        </button>
      </div>
    </div>
  </div>
  <div
    className="card-content css-spllt3-CardContent"
  >
    <div
      className="css-g7oywz-DirectoryDetail"
    >
      <div>
        <div
          className="css-13s2sfk-Heading"
        >
          files_and_directories__rename_directory_label
        </div>
        <div
          className="css-ryq9y7-InlineEditableHeader"
        >
          <div>
            <form
              className="css-1c5ej61-InlineEditableHeader"
              onBlur={[Function]}
              onSubmit={[Function]}
            >
              <div
                className="css-pl4s5v-InlineEditableHeader"
                onClick={[Function]}
              >
                <div
                  className="css-1iwo50k"
                  onMouseEnter={[Function]}
                  onMouseLeave={[Function]}
                >
                  <div
                    className="css-nrul0i"
                  >
                    <input
                      className="css-q6vozw"
                      defaultValue="Bilder"
                      disabled={false}
                      onBlur={[Function]}
                      onChange={[Function]}
                      onFocus={[Function]}
                      readOnly={true}
                      type="text"
                    />
                  </div>
                </div>
                <div
                  className="hover-icon css-16vb3lw-Icon"
                  dangerouslySetInnerHTML={
                    {
                      "__html": {},
                    }
                  }
                />
              </div>
            </form>
          </div>
        </div>
      </div>
      <div>
        <div
          className="css-13s2sfk-Heading"
        >
          files_and_directories__move_directory_label
        </div>
        <div
          className="css-1kz9nmi-ReadonlyActionField"
          data-testid="readonly-action-field"
        >
          <div
            className="css-1bkess4-ReadonlyActionField"
          />
          <div
            className="content-wrapper css-b45n67-ReadonlyActionField"
          >
            <div
              className="content css-1147qp7-ReadonlyActionField"
            >
              <div
                className="css-1czgmen-PathActionField"
              >
                <div
                  className="css-1h826ga-PathActionField"
                >
                  <div
                    className="css-1yjyjy3-Icon"
                    dangerouslySetInnerHTML={
                      {
                        "__html": {},
                      }
                    }
                  />
                  <div
                    className="css-1sbf56p-Text"
                  >
                    files_and_directories__move_directory_main_directory
                  </div>
                </div>
                <div
                  className="css-16ebz09-Text"
                  onClick={[Function]}
                >
                  files_and_directories__move_directory
                </div>
              </div>
            </div>
          </div>
        </div>
      </div>
    </div>
    <div
      className="css-n9iuhz-Heading"
    >
      files_and_directories__directory_content_list_heading
       (
      0
      )
    </div>
    <div
      className="css-1t69vky-Table"
    >
      <div
        className="css-v9uh6m-Table"
      >
        <div
          className="css-1hhq1hd-Table"
        >
          <div
            className="css-8050ac-Heading"
          >
            files_and_directories__directory_detail__column_header_title
          </div>
        </div>
        <div
          className="css-1v7x2py-Table"
        >
          <div
            className="css-8050ac-Heading"
          >
            files_and_directories__directory_detail__column_header_relevance
          </div>
        </div>
        <div
          className="css-1nqo6qf-Table"
        >
          <div
            className="css-0"
            id="tooltip_42"
          >
            <button
              className="css-pzbp9b-Button"
              disabled={false}
              onClick={[Function]}
            >
              <div
                className="css-95j2hm-Button"
              >
                <div
                  className="css-kuxry5-Icon"
                  dangerouslySetInnerHTML={
                    {
                      "__html": {},
                    }
                  }
                />
                files_and_directories__directory_detail_sub_directory
              </div>
            </button>
          </div>
          <div
            className="react-tooltip styles-module_tooltip__mnnfp styles-module_dark__xNqje css-10zyuev-Tooltip"
            role="tooltip"
            style={
              {
                "backgroundColor": "#2e3032",
                "zIndex": 1,
              }
            }
          >
            files_and_directories__create_subdirectory_tooltip
            <div
              className="react-tooltip-arrow styles-module_arrow__K0L3T"
              style={{}}
            />
          </div>
        </div>
        <div
          className="css-111d83p-Table"
        >
          <div
            className="css-vhtthd-Tooltip"
            id="tooltip_42"
          >
            <button
              className="css-pzbp9b-Button"
              disabled={false}
              onClick={[Function]}
            >
              <div
                className="css-95j2hm-Button"
              >
                <div
                  className="css-kuxry5-Icon"
                  dangerouslySetInnerHTML={
                    {
                      "__html": {},
                    }
                  }
                />
                files_and_directories__files
              </div>
            </button>
          </div>
          <div
            className="react-tooltip styles-module_tooltip__mnnfp styles-module_dark__xNqje css-10zyuev-Tooltip"
            role="tooltip"
            style={
              {
                "backgroundColor": "#2e3032",
                "zIndex": 1,
              }
            }
          >
            files_and_directories__create_file_tooltip
            <div
              className="react-tooltip-arrow styles-module_arrow__K0L3T"
              style={{}}
            />
          </div>
        </div>
      </div>
      <div
        className="css-tqgzls-Table"
      >
        <div
          className="table-placeholder css-1v6q0ml-Table"
        >
          files_and_directories__directory_content_list_placeholder
        </div>
      </div>
    </div>
  </div>
</div>
`;
